// Jest Snapshot v1, https://goo.gl/fbAQLP

exports[`Match matches snapshot 1`] = `
<_default
  matchNumber={1}
  onClick={[Function]}
  visible={true}
>
  <styled.div
    onClick={[Function]}
  >
    <StyledComponent
      forwardedComponent={
        Object {
          "$$typeof": Symbol(react.forward_ref),
          "attrs": Array [],
          "componentStyle": ComponentStyle {
            "componentId": "sc-bdVaJa",
            "isStatic": false,
            "lastClassName": "kbAxCm",
            "rules": Array [
              "
	height: 8rem;
	width: 4rem;
	cursor: pointer;
  display: flex;
  flex-direction: column;
  justify-content: center;
  align-items: center;
  background: #243d39;

  @media (min-width: 900px) {
    &:hover {
      background: #335751;
    }
  }
  
  @media (max-width: 600px) {
    height: 90%;
  }
",
            ],
          },
          "displayName": "styled.div",
          "foldedComponentIds": Array [],
          "render": [Function],
          "styledComponentId": "sc-bdVaJa",
          "target": "div",
          "toString": [Function],
          "usesTheme": false,
          "warnTooManyClasses": [Function],
          "withComponent": [Function],
        }
      }
      forwardedRef={null}
      onClick={[Function]}
    >
      <div
        className="sc-bdVaJa kbAxCm"
        onClick={[Function]}
      >
        <styled.div
          visible={true}
        >
          <StyledComponent
            forwardedComponent={
              Object {
                "$$typeof": Symbol(react.forward_ref),
                "attrs": Array [],
                "componentStyle": ComponentStyle {
                  "componentId": "sc-htpNat",
                  "isStatic": false,
                  "lastClassName": "bAUWCQ",
                  "rules": Array [
                    "
  height: 1rem;
  width: 1rem;
  background: red;
  opacity: ",
                    [Function],
                    ";
",
                  ],
                },
                "displayName": "styled.div",
                "foldedComponentIds": Array [],
                "render": [Function],
                "styledComponentId": "sc-htpNat",
                "target": "div",
                "toString": [Function],
                "usesTheme": false,
                "warnTooManyClasses": [Function],
                "withComponent": [Function],
              }
            }
            forwardedRef={null}
            visible={true}
          >
            <div
              className="sc-htpNat bAUWCQ"
            />
          </StyledComponent>
        </styled.div>
        <styled.div
          visible={true}
        >
          <StyledComponent
            forwardedComponent={
              Object {
                "$$typeof": Symbol(react.forward_ref),
                "attrs": Array [],
                "componentStyle": ComponentStyle {
                  "componentId": "sc-bwzfXH",
                  "isStatic": false,
                  "lastClassName": "ifoRlD",
                  "rules": Array [
                    "
	height: 5rem;
	width: 1rem;
	background: #915535;
  cursor: pointer;
  opacity: ",
                    [Function],
                    ";
",
                  ],
                },
                "displayName": "styled.div",
                "foldedComponentIds": Array [],
                "render": [Function],
                "styledComponentId": "sc-bwzfXH",
                "target": "div",
                "toString": [Function],
                "usesTheme": false,
                "warnTooManyClasses": [Function],
                "withComponent": [Function],
              }
            }
            forwardedRef={null}
            visible={true}
          >
            <div
              className="sc-bwzfXH ifoRlD"
            />
          </StyledComponent>
        </styled.div>
      </div>
    </StyledComponent>
  </styled.div>
</_default>
`;
